<?xml version="1.0" encoding="UTF-8"?>
<testsuites name="jest tests" tests="23" failures="0" time="0.493">
  <testsuite name="serviceWorker.unregister" errors="0" failures="0" skipped="0" timestamp="2026-05-13T11:37:46" time="0.138" tests="7">
    <testcase classname="serviceWorker.unregister unregisters the active service worker when supported" name="serviceWorker.unregister unregisters the active service worker when supported" time="0.002" file="src/__tests__/serviceWorker.test.js">
    </testcase>
    <testcase classname="serviceWorker.unregister logs an error if the ready promise rejects" name="serviceWorker.unregister logs an error if the ready promise rejects" time="0" file="src/__tests__/serviceWorker.test.js">
    </testcase>
    <testcase classname="serviceWorker.unregister is a no-op when serviceWorker is not in navigator" name="serviceWorker.unregister is a no-op when serviceWorker is not in navigator" time="0" file="src/__tests__/serviceWorker.test.js">
    </testcase>
    <testcase classname="serviceWorker.register is a no-op outside production" name="serviceWorker.register is a no-op outside production" time="0" file="src/__tests__/serviceWorker.test.js">
    </testcase>
    <testcase classname="serviceWorker.register returns early when PUBLIC_URL origin differs from window origin" name="serviceWorker.register returns early when PUBLIC_URL origin differs from window origin" time="0" file="src/__tests__/serviceWorker.test.js">
    </testcase>
    <testcase classname="serviceWorker.register registers via checkValidServiceWorker on localhost" name="serviceWorker.register registers via checkValidServiceWorker on localhost" time="0.001" file="src/__tests__/serviceWorker.test.js">
    </testcase>
    <testcase classname="serviceWorker.register registers directly when not on localhost" name="serviceWorker.register registers directly when not on localhost" time="0.001" file="src/__tests__/serviceWorker.test.js">
    </testcase>
  </testsuite>
  <testsuite name="undefined" errors="0" failures="0" skipped="0" timestamp="2026-05-13T11:37:47" time="0.105" tests="1">
    <testcase classname=" renders learn react link" name=" renders learn react link" time="0.011" file="src/__tests__/App.test.js">
    </testcase>
  </testsuite>
  <testsuite name="index.js" errors="0" failures="0" skipped="0" timestamp="2026-05-13T11:37:47" time="0.017" tests="1">
    <testcase classname="index.js renders &lt;App /&gt; into #root and unregisters the service worker" name="index.js renders &lt;App /&gt; into #root and unregisters the service worker" time="0.002" file="src/__tests__/index.test.js">
    </testcase>
  </testsuite>
  <testsuite name="Subtraction testing" errors="0" failures="0" skipped="0" timestamp="2026-05-13T11:37:47" time="0.014" tests="3">
    <testcase classname="Subtraction testing 4 - 1 = 3" name="Subtraction testing 4 - 1 = 3" time="0" file="src/__tests__/subtraction.test.js">
    </testcase>
    <testcase classname="Subtraction testing 6 - 1 = 5" name="Subtraction testing 6 - 1 = 5" time="0" file="src/__tests__/subtraction.test.js">
    </testcase>
    <testcase classname="Subtraction testing 10 - 1 = 9" name="Subtraction testing 10 - 1 = 9" time="0" file="src/__tests__/subtraction.test.js">
    </testcase>
  </testsuite>
  <testsuite name="Addition testing" errors="0" failures="0" skipped="0" timestamp="2026-05-13T11:37:47" time="0.013" tests="5">
    <testcase classname="Addition testing 2 + 2 = 4" name="Addition testing 2 + 2 = 4" time="0.001" file="src/__tests__/addition.test.js">
    </testcase>
    <testcase classname="Addition testing 2 + 3 = 5" name="Addition testing 2 + 3 = 5" time="0" file="src/__tests__/addition.test.js">
    </testcase>
    <testcase classname="Addition testing 2 + 5 = 7" name="Addition testing 2 + 5 = 7" time="0" file="src/__tests__/addition.test.js">
    </testcase>
    <testcase classname="Addition testing 2 + 7 = 9" name="Addition testing 2 + 7 = 9" time="0" file="src/__tests__/addition.test.js">
    </testcase>
    <testcase classname="Addition testing 2 + 20 = 22" name="Addition testing 2 + 20 = 22" time="0" file="src/__tests__/addition.test.js">
    </testcase>
  </testsuite>
  <testsuite name="Multiplication testing" errors="0" failures="0" skipped="0" timestamp="2026-05-13T11:37:47" time="0.012" tests="3">
    <testcase classname="Multiplication testing 3 * 1 = 3" name="Multiplication testing 3 * 1 = 3" time="0" file="src/__tests__/multiplication.test.js">
    </testcase>
    <testcase classname="Multiplication testing 3 * 3 = 9" name="Multiplication testing 3 * 3 = 9" time="0" file="src/__tests__/multiplication.test.js">
    </testcase>
    <testcase classname="Multiplication testing 3 * 5 = 15" name="Multiplication testing 3 * 5 = 15" time="0" file="src/__tests__/multiplication.test.js">
    </testcase>
  </testsuite>
  <testsuite name="Division testing" errors="0" failures="0" skipped="0" timestamp="2026-05-13T11:37:47" time="0.012" tests="2">
    <testcase classname="Division testing 8 / 1 = 8" name="Division testing 8 / 1 = 8" time="0" file="src/__tests__/division.test.js">
    </testcase>
    <testcase classname="Division testing 9 / 3 = 2" name="Division testing 9 / 3 = 2" time="0" file="src/__tests__/division.test.js">
    </testcase>
  </testsuite>
  <testsuite name="Filter function" errors="0" failures="0" skipped="0" timestamp="2026-05-13T11:37:47" time="0.013" tests="1">
    <testcase classname="Filter function it should filter characters by a search term" name="Filter function it should filter characters by a search term" time="0.001" file="src/__tests__/filter.test.js">
    </testcase>
  </testsuite>
</testsuites>